---
source: tests/test.rs
expression: "format!(\"{:#?}\", engine)"
---
Engine {
    union: U16U16U32U32U32(
        EngineBase {
            grammar: Grammar {
                start_nonterminal: "start[0]",
                rules: "start[0] ::= start[0]\"bb\"[0] | \"bb\"[0];\n",
                id_to_regexes: {},
                id_to_regex_first_bytes: [],
                id_to_terminals: [
                    (
                        "\"bb\"[0]",
                        [
                            98,
                            98,
                        ],
                    ),
                ],
            },
            allowed_first_bytes: [],
            allowed_token_ids: [],
            earley_sets: [
                [
                    EarleyItemDebugStruct {
                        dotted_rule: "start[0] -> .start[0]\"bb\"[0]",
                        start_position: 0,
                        state: "",
                    },
                    EarleyItemDebugStruct {
                        dotted_rule: "start[0] -> .\"bb\"[0]",
                        start_position: 0,
                        state: "[0]",
                    },
                ],
                [
                    EarleyItemDebugStruct {
                        dotted_rule: "start[0] -> start[0].\"bb\"[0]",
                        start_position: 0,
                        state: "[0]",
                    },
                ],
            ],
            cache: [],
            to_be_completed_items: [],
            to_be_completed_items_buffer: [],
            deduplication_buffer: [],
            postdot_items: [
                (
                    DottedDebugStruct {
                        postdot_nonterminal: "start[0]",
                        column: 0,
                    },
                    NormalItems(
                        [
                            EarleyItemDebugStruct {
                                dotted_rule: "start[0] -> .start[0]\"bb\"[0]",
                                start_position: 0,
                                state: "",
                            },
                        ],
                    ),
                ),
            ],
            column_to_postdot_items: [],
            postdot_items_since_last_commit: [],
            leo_items: [],
            leo_items_buffer: [],
            already_predicted_nonterminals: [],
            finished: true,
            config: EngineConfig {
                cache_enabled: true,
                compaction_enabled: true,
            },
            regex_start_config: Config {
                look_behind: None,
                anchored: Yes,
            },
        },
    ),
}
