---
source: tests/test.rs
expression: "format!(\"{:#?}\", engine)"
---
Engine {
    union: U16U0U16U32U32U32(
        EngineBase {
            grammar: Grammar {
                start_nonterminal: "start[0]",
                rules: "start[0] ::= #\"[0-9]+\"[0]\"\n\"[0] | ;\n",
                id_to_regexes: {
                    "#\"[0-9]+\"[0]": Dfa(
                        dense::DFA(
                        D 000000: 
                        Q 000004: 
                         *000008: 
                         *000012: \x00 => 8, \x01 => 12, \x02 => 8, EOI => 8
                          000016: \x01 => 20
                          000020: \x00 => 8, \x01 => 12, \x02 => 8, EOI => 8
                        
                        START-GROUP(unanchored)
                          NonWordByte => 000000
                          WordByte => 000000
                          Text => 000000
                          LineLF => 000000
                          LineCR => 000000
                          CustomLineTerminator => 000000
                        START-GROUP(anchored)
                          NonWordByte => 000016
                          WordByte => 000016
                          Text => 000016
                          LineLF => 000016
                          LineCR => 000016
                          CustomLineTerminator => 000016
                        state length: 6
                        pattern length: 1
                        flags: Flags { has_empty: false, is_utf8: true, is_always_start_anchored: false }
                        )
                        ,
                    ),
                },
                id_to_excepteds: {},
                id_to_regex_first_bytes: [
                    (
                        "#\"[0-9]+\"[0]",
                        StateID(
                            0,
                        ),
                        [],
                    ),
                    (
                        "#\"[0-9]+\"[0]",
                        StateID(
                            4,
                        ),
                        [],
                    ),
                    (
                        "#\"[0-9]+\"[0]",
                        StateID(
                            8,
                        ),
                        [],
                    ),
                    (
                        "#\"[0-9]+\"[0]",
                        StateID(
                            12,
                        ),
                        [
                            0,
                            1,
                            2,
                            3,
                            4,
                            5,
                            6,
                            7,
                            8,
                            9,
                            10,
                            11,
                            12,
                            13,
                            14,
                            15,
                            16,
                            17,
                            18,
                            19,
                            20,
                            21,
                            22,
                            23,
                            24,
                            25,
                            26,
                            27,
                            28,
                            29,
                            30,
                            31,
                            32,
                            33,
                            34,
                            35,
                            36,
                            37,
                            38,
                            39,
                            40,
                            41,
                            42,
                            43,
                            44,
                            45,
                            46,
                            47,
                            48,
                            49,
                            50,
                            51,
                            52,
                            53,
                            54,
                            55,
                            56,
                            57,
                            58,
                            59,
                            60,
                            61,
                            62,
                            63,
                            64,
                            65,
                            66,
                            67,
                            68,
                            69,
                            70,
                            71,
                            72,
                            73,
                            74,
                            75,
                            76,
                            77,
                            78,
                            79,
                            80,
                            81,
                            82,
                            83,
                            84,
                            85,
                            86,
                            87,
                            88,
                            89,
                            90,
                            91,
                            92,
                            93,
                            94,
                            95,
                            96,
                            97,
                            98,
                            99,
                            100,
                            101,
                            102,
                            103,
                            104,
                            105,
                            106,
                            107,
                            108,
                            109,
                            110,
                            111,
                            112,
                            113,
                            114,
                            115,
                            116,
                            117,
                            118,
                            119,
                            120,
                            121,
                            122,
                            123,
                            124,
                            125,
                            126,
                            127,
                            128,
                            129,
                            130,
                            131,
                            132,
                            133,
                            134,
                            135,
                            136,
                            137,
                            138,
                            139,
                            140,
                            141,
                            142,
                            143,
                            144,
                            145,
                            146,
                            147,
                            148,
                            149,
                            150,
                            151,
                            152,
                            153,
                            154,
                            155,
                            156,
                            157,
                            158,
                            159,
                            160,
                            161,
                            162,
                            163,
                            164,
                            165,
                            166,
                            167,
                            168,
                            169,
                            170,
                            171,
                            172,
                            173,
                            174,
                            175,
                            176,
                            177,
                            178,
                            179,
                            180,
                            181,
                            182,
                            183,
                            184,
                            185,
                            186,
                            187,
                            188,
                            189,
                            190,
                            191,
                            192,
                            193,
                            194,
                            195,
                            196,
                            197,
                            198,
                            199,
                            200,
                            201,
                            202,
                            203,
                            204,
                            205,
                            206,
                            207,
                            208,
                            209,
                            210,
                            211,
                            212,
                            213,
                            214,
                            215,
                            216,
                            217,
                            218,
                            219,
                            220,
                            221,
                            222,
                            223,
                            224,
                            225,
                            226,
                            227,
                            228,
                            229,
                            230,
                            231,
                            232,
                            233,
                            234,
                            235,
                            236,
                            237,
                            238,
                            239,
                            240,
                            241,
                            242,
                            243,
                            244,
                            245,
                            246,
                            247,
                            248,
                            249,
                            250,
                            251,
                            252,
                            253,
                            254,
                        ],
                    ),
                    (
                        "#\"[0-9]+\"[0]",
                        StateID(
                            16,
                        ),
                        [
                            48,
                            49,
                            50,
                            51,
                            52,
                            53,
                            54,
                            55,
                            56,
                            57,
                        ],
                    ),
                    (
                        "#\"[0-9]+\"[0]",
                        StateID(
                            20,
                        ),
                        [
                            0,
                            1,
                            2,
                            3,
                            4,
                            5,
                            6,
                            7,
                            8,
                            9,
                            10,
                            11,
                            12,
                            13,
                            14,
                            15,
                            16,
                            17,
                            18,
                            19,
                            20,
                            21,
                            22,
                            23,
                            24,
                            25,
                            26,
                            27,
                            28,
                            29,
                            30,
                            31,
                            32,
                            33,
                            34,
                            35,
                            36,
                            37,
                            38,
                            39,
                            40,
                            41,
                            42,
                            43,
                            44,
                            45,
                            46,
                            47,
                            48,
                            49,
                            50,
                            51,
                            52,
                            53,
                            54,
                            55,
                            56,
                            57,
                            58,
                            59,
                            60,
                            61,
                            62,
                            63,
                            64,
                            65,
                            66,
                            67,
                            68,
                            69,
                            70,
                            71,
                            72,
                            73,
                            74,
                            75,
                            76,
                            77,
                            78,
                            79,
                            80,
                            81,
                            82,
                            83,
                            84,
                            85,
                            86,
                            87,
                            88,
                            89,
                            90,
                            91,
                            92,
                            93,
                            94,
                            95,
                            96,
                            97,
                            98,
                            99,
                            100,
                            101,
                            102,
                            103,
                            104,
                            105,
                            106,
                            107,
                            108,
                            109,
                            110,
                            111,
                            112,
                            113,
                            114,
                            115,
                            116,
                            117,
                            118,
                            119,
                            120,
                            121,
                            122,
                            123,
                            124,
                            125,
                            126,
                            127,
                            128,
                            129,
                            130,
                            131,
                            132,
                            133,
                            134,
                            135,
                            136,
                            137,
                            138,
                            139,
                            140,
                            141,
                            142,
                            143,
                            144,
                            145,
                            146,
                            147,
                            148,
                            149,
                            150,
                            151,
                            152,
                            153,
                            154,
                            155,
                            156,
                            157,
                            158,
                            159,
                            160,
                            161,
                            162,
                            163,
                            164,
                            165,
                            166,
                            167,
                            168,
                            169,
                            170,
                            171,
                            172,
                            173,
                            174,
                            175,
                            176,
                            177,
                            178,
                            179,
                            180,
                            181,
                            182,
                            183,
                            184,
                            185,
                            186,
                            187,
                            188,
                            189,
                            190,
                            191,
                            192,
                            193,
                            194,
                            195,
                            196,
                            197,
                            198,
                            199,
                            200,
                            201,
                            202,
                            203,
                            204,
                            205,
                            206,
                            207,
                            208,
                            209,
                            210,
                            211,
                            212,
                            213,
                            214,
                            215,
                            216,
                            217,
                            218,
                            219,
                            220,
                            221,
                            222,
                            223,
                            224,
                            225,
                            226,
                            227,
                            228,
                            229,
                            230,
                            231,
                            232,
                            233,
                            234,
                            235,
                            236,
                            237,
                            238,
                            239,
                            240,
                            241,
                            242,
                            243,
                            244,
                            245,
                            246,
                            247,
                            248,
                            249,
                            250,
                            251,
                            252,
                            253,
                            254,
                        ],
                    ),
                ],
                id_to_excepted_first_bytes: [],
                id_to_terminals: [
                    (
                        "\"\n\"[0]",
                        [
                            10,
                        ],
                    ),
                ],
            },
            allowed_first_bytes: [
                48,
                49,
                50,
                51,
                52,
                53,
                54,
                55,
                56,
                57,
            ],
            allowed_token_ids: [
                "0[49]",
                "1[50]",
                "2[51]",
                "3[52]",
                "4[53]",
                "5[54]",
                "6[55]",
                "7[56]",
                "8[57]",
                "9[58]",
                "00[620]",
                "01[621]",
                "02[622]",
                "03[623]",
                "04[624]",
                "05[625]",
                "06[626]",
                "07[627]",
                "08[628]",
                "09[629]",
                "10[630]",
                "11[631]",
                "12[632]",
                "13[633]",
                "14[634]",
                "15[635]",
                "16[636]",
                "17[637]",
                "18[638]",
                "19[639]",
                "20[640]",
                "21[641]",
                "22[642]",
                "23[643]",
                "24[644]",
                "25[645]",
                "26[646]",
                "27[647]",
                "28[648]",
                "29[649]",
                "30[650]",
                "31[651]",
                "32[652]",
                "33[653]",
                "34[654]",
                "35[655]",
                "36[656]",
                "37[657]",
                "38[658]",
                "39[659]",
                "40[660]",
                "41[661]",
                "42[662]",
                "43[663]",
                "44[664]",
                "45[665]",
                "46[666]",
                "47[667]",
                "48[668]",
                "49[669]",
                "50[670]",
                "51[671]",
                "52[672]",
                "53[673]",
                "54[674]",
                "55[675]",
                "56[676]",
                "57[677]",
                "58[678]",
                "59[679]",
                "60[680]",
                "61[681]",
                "62[682]",
                "63[683]",
                "64[684]",
                "65[685]",
                "66[686]",
                "67[687]",
                "68[688]",
                "69[689]",
                "70[690]",
                "71[691]",
                "72[692]",
                "73[693]",
                "74[694]",
                "75[695]",
                "76[696]",
                "77[697]",
                "78[698]",
                "79[699]",
                "80[700]",
                "81[701]",
                "82[702]",
                "83[703]",
                "84[704]",
                "85[705]",
                "86[706]",
                "87[707]",
                "88[708]",
                "89[709]",
                "90[710]",
                "91[711]",
                "92[712]",
                "93[713]",
                "94[714]",
                "95[715]",
                "96[716]",
                "97[717]",
                "98[718]",
                "99[719]",
            ],
            earley_sets: [
                [
                    EarleyItemDebugStruct {
                        dotted_rule: "start[0] -> .#\"[0-9]+\"[0]\"\n\"[0]",
                        start_position: 0,
                        state: "[4(InProgress)]",
                    },
                ],
            ],
            cache: [
                (
                    [
                        [
                            EarleyItemDebugStruct {
                                dotted_rule: "start[0] -> .#\"[0-9]+\"[0]\"\n\"[0]",
                                start_position: 0,
                                state: "[4(InProgress)]",
                            },
                        ],
                    ],
                    [
                        "0[49]",
                        "1[50]",
                        "2[51]",
                        "3[52]",
                        "4[53]",
                        "5[54]",
                        "6[55]",
                        "7[56]",
                        "8[57]",
                        "9[58]",
                        "00[620]",
                        "01[621]",
                        "02[622]",
                        "03[623]",
                        "04[624]",
                        "05[625]",
                        "06[626]",
                        "07[627]",
                        "08[628]",
                        "09[629]",
                        "10[630]",
                        "11[631]",
                        "12[632]",
                        "13[633]",
                        "14[634]",
                        "15[635]",
                        "16[636]",
                        "17[637]",
                        "18[638]",
                        "19[639]",
                        "20[640]",
                        "21[641]",
                        "22[642]",
                        "23[643]",
                        "24[644]",
                        "25[645]",
                        "26[646]",
                        "27[647]",
                        "28[648]",
                        "29[649]",
                        "30[650]",
                        "31[651]",
                        "32[652]",
                        "33[653]",
                        "34[654]",
                        "35[655]",
                        "36[656]",
                        "37[657]",
                        "38[658]",
                        "39[659]",
                        "40[660]",
                        "41[661]",
                        "42[662]",
                        "43[663]",
                        "44[664]",
                        "45[665]",
                        "46[666]",
                        "47[667]",
                        "48[668]",
                        "49[669]",
                        "50[670]",
                        "51[671]",
                        "52[672]",
                        "53[673]",
                        "54[674]",
                        "55[675]",
                        "56[676]",
                        "57[677]",
                        "58[678]",
                        "59[679]",
                        "60[680]",
                        "61[681]",
                        "62[682]",
                        "63[683]",
                        "64[684]",
                        "65[685]",
                        "66[686]",
                        "67[687]",
                        "68[688]",
                        "69[689]",
                        "70[690]",
                        "71[691]",
                        "72[692]",
                        "73[693]",
                        "74[694]",
                        "75[695]",
                        "76[696]",
                        "77[697]",
                        "78[698]",
                        "79[699]",
                        "80[700]",
                        "81[701]",
                        "82[702]",
                        "83[703]",
                        "84[704]",
                        "85[705]",
                        "86[706]",
                        "87[707]",
                        "88[708]",
                        "89[709]",
                        "90[710]",
                        "91[711]",
                        "92[712]",
                        "93[713]",
                        "94[714]",
                        "95[715]",
                        "96[716]",
                        "97[717]",
                        "98[718]",
                        "99[719]",
                    ],
                ),
            ],
            to_be_completed_items: [],
            to_be_completed_items_buffer: [],
            deduplication_buffer: [],
            postdot_items: [],
            postdot_items_since_last_commit: [],
            leo_items: [],
            leo_items_buffer: [],
            already_predicted_nonterminals: [],
            finished: false,
            config: EngineConfig {
                cache_enabled: true,
                compaction_enabled: false,
            },
            regex_start_config: Config {
                look_behind: None,
                anchored: Yes,
            },
            excepted_start_config: Config {
                look_behind: None,
                anchored: No,
            },
        },
    ),
}
